    Blocking waiting for file lock on package cache
   Compiling s2script-core v0.0.0 (/Users/ghirakawa/projects/s2script/core)
warning: unused import: `super::*`
   --> core/src/admin.rs:196:9
    |
196 |     use super::*;
    |         ^^^^^^^^
    |
    = note: `#[warn(unused_imports)]` (part of `#[warn(unused)]`) on by default

warning: unused imports: `LOG` and `logger`
   --> core/src/cookies.rs:742:87
    |
742 |     use crate::v8host::frame_tests::{dummy_logger, eval_in_context_string, load_body, logger,
    |                                                                                       ^^^^^^
743 |         read_global_string, read_i32_global_in, LOG};
    |                                                 ^^^

warning: unused imports: `create_plugin_context` and `eval_in_context`
   --> core/src/cookies.rs:744:25
    |
744 |     use crate::v8host::{create_plugin_context, eval_in_context, init, shutdown, unload_plugin};
    |                         ^^^^^^^^^^^^^^^^^^^^^  ^^^^^^^^^^^^^^^

warning: unused import: `eval_in_context`
   --> core/src/client.rs:400:48
    |
400 |     use crate::v8host::{create_plugin_context, eval_in_context, init, set_engine_ops, shutdown,
    |                                                ^^^^^^^^^^^^^^^

warning: unused doc comment
   --> core/src/gamedata_hooks.rs:700:1
    |
700 | /// Hooks that have already reported a re-entrant skip. See `note_reentrant_skip`.
    | ^^^^^^^^^^^^^^^^^^^^^^^^^^^^^^^^^^^^^^^^^^^^^^^^^^^^^^^^^^^^^^^^^^^^^^^^^^^^^^^^^^ rustdoc does not generate documentation for macro invocations
    |
    = help: to document an item produced by a macro, the macro must produce the documentation as part of its expansion
    = note: `#[warn(unused_doc_comments)]` (part of `#[warn(unused)]`) on by default

warning: value assigned to `x` is never read
   --> core/src/entity.rs:290:9
    |
290 |         x.b = 0x7F;
    |         ^^^^^^^^^^
    |
    = help: maybe it is overwritten before being read?
    = note: `#[warn(unused_assignments)]` (part of `#[warn(unused)]`) on by default

warning: unused variable: `enums_path`
    --> core/src/v8host.rs:3004:13
     |
3004 |         let enums_path = if args.length() >= 2 && !args.get(1).is_null_or_undefined() {
     |             ^^^^^^^^^^ help: if this is intentional, prefix it with an underscore: `_enums_path`
     |
     = note: `#[warn(unused_variables)]` (part of `#[warn(unused)]`) on by default

warning: function `read_string_global` is never used
  --> core/src/v8host/tests.rs:81:8
   |
81 |     fn read_string_global(name: &str) -> String {
   |        ^^^^^^^^^^^^^^^^^^
   |
   = note: `#[warn(dead_code)]` (part of `#[warn(unused)]`) on by default

warning: function `reconcile_publishes_rejects_a_name_published_by_a_DIFFERENT_producer` should have a snake case name
    --> core/src/v8host/tests.rs:2344:8
     |
2344 |     fn reconcile_publishes_rejects_a_name_published_by_a_DIFFERENT_producer() {
     |        ^^^^^^^^^^^^^^^^^^^^^^^^^^^^^^^^^^^^^^^^^^^^^^^^^^^^^^^^^^^^^^^^^^^^ help: convert the identifier to snake case: `reconcile_publishes_rejects_a_name_published_by_a_different_producer`
     |
     = note: `#[warn(non_snake_case)]` (part of `#[warn(nonstandard_style)]`) on by default

warning: `s2script-core` (lib test) generated 9 warnings (run `cargo fix --lib -p s2script-core --tests` to apply 5 suggestions)
    Finished `test` profile [unoptimized + debuginfo] target(s) in 8.51s
     Running unittests src/lib.rs (target/debug/deps/s2script_core-2afe5a15cf39991f)

running 800 tests
test acquire::tests::allow_loses_to_any_deny ... ok
test acquire::tests::changed_allow_then_engine_deny_denies ... ok
test acquire::tests::changed_deny_then_engine_allow_still_denies ... ok
test acquire::tests::continue_only_takes_the_engine ... ok
test acquire::tests::first_deny_wins_between_two_handled ... ok
test acquire::tests::handled_outranks_changed_when_both_deny ... ok
test acquire::tests::handled_skips_and_implicit_deny_when_unset ... ok
test admin::tests::admin_cache_two_tier_union_and_guard ... ok
test admin::tests::admin_can_target_immunity ... ok
test admin::tests::admin_flag_parser ... ok
test admin::tests::admin_group_resolution ... ok
test admin::tests::admin_immunity_and_overrides ... ok
test admin::tests::admin_module_flags_api_and_hook ... ok
test admin::tests::admin_reinit_clears_every_tier ... ok
test async_limits::pressure_tests::impossible_items_reject_without_consuming_any_capacity ... ok
test async_limits::pressure_tests::invalid_loader_policy_is_a_complete_default_fallback ... ok
test async_limits::pressure_tests::loader_policy_defaults_and_partial_nested_overrides_are_central ... ok
test async_limits::pressure_tests::lossy_conversion_peak_fits_the_preallocated_reservation ... ok
test async_limits::pressure_tests::malformed_policy_is_all_or_nothing_and_checks_reservations ... ok
test async_limits::pressure_tests::old_generation_keeps_global_bytes_until_producer_exit ... ok
test async_limits::pressure_tests::one_item_frames_alternate_pre_and_callback_progress ... ok
test async_limits::pressure_tests::oversized_delivery_is_alone_even_when_more_rounds_are_available ... ok
test async_limits::pressure_tests::partial_result_builders_never_wait_and_failure_capacity_survives ... ok
test async_limits::pressure_tests::utf8_final_size_counts_replacement_expansion ... ok
test async_limits::tests::admission_is_atomic_at_count_and_byte_edges ... ok
test async_rt::tests::bounded_worker_queue_rejects_without_retaining_the_rejected_job ... ok
test async_rt::tests::cancelling_duplicate_ids_physically_removes_every_indexed_entry ... ok
test async_rt::tests::deadline_timer_is_due_only_after_its_instant ... ok
test async_rt::tests::due_limited_preserves_overdue_work_and_global_insertion_order ... ok
test async_rt::tests::frame_timer_is_due_at_or_after_target_frame ... ok
test async_rt::tests::indexed_queue_matches_linear_oracle_for_interleaved_operations ... ok
test async_rt::tests::indexed_queue_matches_linear_oracle_under_deterministic_churn ... ok
test async_rt::tests::limited_due_selection_retains_insertion_order_and_zero_retains_everything ... ok
test async_rt::tests::multiple_due_timers_all_returned_and_removed ... ok
test async_rt::tests::pool_runs_job_off_thread_and_reports_completion ... ok
test async_rt::tests::sparse_due_batches_across_the_old_bulk_threshold_retain_valid_indexes ... ok
test async_rt::tests::timer_examined_reports_indexed_eligibility_work ... ok
test async_rt::tests::try_recv_completed_is_nonblocking_when_empty ... ok
test bans::tests::ban_check_expiry_semantics ... ok
test bans::tests::bans_natives_and_prelude ... ok
test channels::tests::dispatch_snapshot_survives_subscription_changes_and_future_snapshots_reflect_them ... ok
test channels::tests::duplicate_and_unknown_id_disposal_is_idempotent_and_prunes_the_descriptor ... ok
test channels::tests::generation_survives_the_descriptor_round_trip_per_subscriber ... ok
test channels::tests::is_empty_tracks_every_channel ... ok
test channels::tests::remove_by_ids_drops_exactly_those_subscriptions ... ok
test channels::tests::remove_by_ids_ignores_unknown_ids ... ok
test channels::tests::remove_by_owner_on_prunes_only_that_owners_reverse_mappings ... ok
test channels::tests::remove_by_owner_on_scopes_to_one_channel ... ok
test channels::tests::remove_by_owner_reports_emptied_channels_only ... ok
test channels::tests::shared_channel_owner_churn_retains_only_the_live_reverse_mapping ... ok
test channels::tests::snapshot_returns_owner_generation_handler_in_registration_order ... ok
test channels::tests::subscribe_reports_only_the_first_per_channel ... ok
test channels::tests::unique_channel_churn_releases_reverse_mappings_and_empty_descriptors ... ok
test client::tests::client_command_degrades_without_ops ... ok
test client::tests::client_command_passes_slot_and_text_verbatim ... ok
test client::tests::client_command_refuses_empty_text ... ok
test client::tests::client_command_refuses_out_of_range_slot ... ok
test client::tests::client_console_print_and_address_degrade_without_ops ... ok
test client::tests::client_dispatch_delivers_client_with_slot ... ok
test client::tests::client_natives_degrade_without_ops ... ok
test client::tests::clients_prelude_exposes_client_and_clients_namespace ... ok
test client::tests::clients_prelude_exposes_print_ip_and_kick_with_reason ... ok
test client::tests::current_connection_actions_and_identity_remain_available ... ok
test client::tests::deferred_disconnect_identity_is_scoped_and_cannot_touch_new_occupant ... ok
test client::tests::fake_command_passes_slot_and_text_verbatim ... ok
test client::tests::fake_command_refuses_bad_slot_and_empty_text ... ok
test client::tests::legacy_snapshot_copies_each_engine_string_before_the_next_call ... ok
test client::tests::lifecycle_replay_never_adopts_replacement_and_rechecks_each_subscriber ... ok
test client::tests::map_reconciliation_end_retires_only_departed_connection_state ... ok
test client::tests::saved_client_cannot_act_on_reused_slot_even_for_same_account ... ok
test client::tests::shutdown_clears_connections_without_reusing_generations ... ok
test client::tests::stale_actions_delayed_kick_and_reentrant_coercion_cannot_target_replacement ... ok
test commands::tests::chat_dispatch_host_say_parses_and_suppresses ... ok
test commands::tests::chat_message_subscriber_suppresses_on_handled ... ok
test commands::tests::chat_on_message_native_degrades_without_ops ... ok
test commands::tests::chat_triggers_parse_and_dispatch ... ok
test commands::tests::client_command_listener_can_suppress ... ok
test commands::tests::client_command_listener_coexists_with_a_registered_command ... ok
test commands::tests::client_command_listener_observes_without_superseding ... ok
test commands::tests::command_dispatch_builds_ctx_and_routes_reply ... ok
test commands::tests::command_trio_server_and_admin_gating ... ok
test commands::tests::commands_dispatch_reply_source_param ... ok
test commands::tests::commands_list_returns_name_and_flags ... ok
test commands::tests::concommand_callback_receives_slot_and_args ... ok
test commands::tests::explicit_reply_targets_degrade_at_slot_minus_one ... ok
test commands::tests::explicit_reply_targets_override_source ... ok
test commands::tests::explicit_reply_targets_route_and_strip ... ok
test commands::tests::handle_chat_trigger_replies_to_chat ... ok
test commands::tests::reply_methods_survive_being_detached_from_ctx ... ok
test commands::tests::reply_routes_by_reply_source ... ok
test commands::tests::reply_source_derives_from_entry_point ... ok
test commands::tests::reply_source_falls_back_to_slot ... ok
test commands::tests::replyt_inherits_routing ... ok
test config::tests::bad_default_degrades_to_zero_value_with_warn ... ok
test config::tests::defaults_only_when_no_override ... ok
test config::tests::dotted_key_decl_is_skipped_with_warn ... ok
test config::tests::enum_override_not_in_set_falls_back ... ok
test config::tests::flat_manifest_parses_and_materializes_unchanged ... ok
test config::tests::generate_default_jsonc_nested_sections_reparse ... ok
test config::tests::in_range_override_is_kept ... ok
test config::tests::jsonc_comments_are_stripped ... ok
test config::tests::malformed_override_uses_all_defaults ... ok
test config::tests::out_of_range_override_falls_back_to_default_with_warn ... ok
test config::tests::override_merges_and_wrong_type_falls_back ... ok
test config::tests::section_child_named_type_is_a_section ... ok
test config::tests::section_override_merges_nested ... ok
test config::tests::sectioned_manifest_materializes_nested ... ok
test cookies::native_tests::admission_rejection_preserves_online_offline_cache_and_disconnect ... ok
test cookies::native_tests::cached_fanout_rechecks_connection_after_each_subscriber ... ok
test cookies::native_tests::clientprefs_module_empty_string_and_get_time ... ok
test cookies::native_tests::clientprefs_module_get_set_default_and_bot_skip ... ok
test cookies::native_tests::clientprefs_module_set_authid_offline_and_bot_skip ... ok
test cookies::native_tests::cookie_cached_dispatch_fans_out_queued_slots ... ok
test cookies::native_tests::cookie_natives_empty_string_and_get_time ... ok
test cookies::native_tests::cookie_natives_round_trip ... ok
test cookies::native_tests::owner_reload_and_core_reinit_keep_epoch_payloads_and_reject_late_sql_actor ... ok
test cookies::native_tests::queued_cached_event_is_dropped_after_reuse ... ok
test cookies::outbox_tests::account_fifo_blocks_later_keys_while_earliest_retries ... ok
test cookies::outbox_tests::acknowledged_offline_account_history_plateaus_without_losing_newer_pending ... ok
test cookies::outbox_tests::allocator_exhaustion_rejects_without_wrap ... ok
test cookies::outbox_tests::exact_bytes_retry_cap_fifo_and_reclaim ... ok
test cookies::outbox_tests::pressure_coalescing_fence_and_immutable_attempt ... ok
test cookies::outbox_tests::saturated_accounts_progress_fairly_and_bytes_are_exact ... ok
test cookies::outbox_tests::success_of_old_attempt_never_acknowledges_new_ready_value ... ok
test cookies::tests::cached_flag_tracks ... ok
test cookies::tests::clear_removes_client ... ok
test cookies::tests::empty_string_is_a_hit_not_a_miss ... ok
test cookies::tests::get_time_reads_back_updated ... ok
test cookies::tests::load_is_not_dirty ... ok
test cookies::tests::online_change_supersedes_offline_cache_when_same_account_reconnects ... ok
test cookies::tests::online_set_reports_admission ... ok
test cookies::tests::reset_clears_all ... ok
test cookies::tests::same_account_reconnect_fences_load_and_detaches_dirty_state ... ok
test cookies::tests::set_get_and_dirty ... ok
test crash::breadcrumb::tests::copy_cstr_truncates_and_terminates ... ok
test crash::breadcrumb::tests::dispatch_guard_stamps_and_restores ... ok
test crash::breadcrumb::tests::identity_game_map_players_stamp ... ok
test crash::breadcrumb::tests::plugin_table_add_remove_and_overflow ... ok
test crash::breadcrumb::tests::ring_records_last_16_in_order ... ok
test crash::config::tests::defaults_are_opt_out_and_fail_off ... ok
test crash::config::tests::malformed_json_degrades_to_defaults ... ok
test crash::config::tests::parse_overrides_and_tolerates_jsonc_comments ... ok
test crash::dedup::tests::fnv_is_stable_and_part_sensitive ... ok
test crash::dedup::tests::rate_limiter_first_then_interval_then_caps ... ok
test crash::dedup::tests::rate_limiter_total_cap ... ok
test crash::envelope::tests::iso8601_epoch_and_known_date ... ok
test crash::envelope::tests::render_panic_envelope_matches_schema_v1 ... ok
test crash::envelope::tests::scrub_toggles_blank_map_and_players ... ok
test crash::panic_hook::tests::swallowed_panic_writes_a_panic_envelope_to_spool ... ok
test crash::spool::tests::spool_is_bounded_at_max ... ok
test crash::spool::tests::write_scan_mark_sent_roundtrip ... ok
test crash::tests::parse_top_frame_variants ... ok
test crash::uploader::tests::finalize_patches_server_id ... ok
test crash::uploader::tests::server_id_is_created_once_and_stable ... ok
test crash::uploader::tests::sweep_disabled_uploads_nothing ... ok
test crash::uploader::tests::sweep_uploads_envelope_and_marks_sent ... ok
test db::tests::bad_statement_errors_but_actor_survives ... ok
test db::tests::closed_handle_is_invalid ... ok
test db::tests::concurrent_different_handles ... ok
test db::tests::fifo_ordering_execute_then_query_sees_insert ... ok
test db::tests::full_actor_queue_close_and_reload_keep_old_actor_and_inputs_charged ... ok
test db::tests::invalid_name_rejected ... ok
test db::tests::open_create_insert_select_roundtrip ... ok
test db::tests::sqlite_exact_final_utf8_row_byte_edges_and_recovery ... ok
test db::tests::sqlite_publication_drops_actual_input_before_consumer_can_release_lease ... ok
test db::tests::sqlite_retained_vector_capacity_fits_its_reservation ... ok
test db::tests::submit_to_wrong_owner_is_invalid_handle ... ok
test entity::native_tests::ent_ref_natives_degrade_without_engine_ops ... ok
test entity::native_tests::ent_ref_write_chain_degrades_safely ... ok
test entity::native_tests::entity_create_native_degrades_to_null_without_op ... ok
test entity::native_tests::entity_event_dispatch_delivers_class_to_matching_subscriber ... ok
test entity::native_tests::entity_event_dispatch_delivers_live_entityref ... ok
test entity::native_tests::entity_event_dispatch_respects_kind ... ok
test entity::native_tests::entity_listener_install_called_once_on_first_subscribe ... ok
test entity::native_tests::entity_name_degrades_to_null_without_ops ... ok
test entity::native_tests::entity_ref_degrades_without_ops ... ok
test entity::native_tests::entity_target_degrades_to_null_without_ops ... ok
test entity::native_tests::identity_flags_is_slot_side_and_books_gated ... ok
test entity::native_tests::same_index_serial_on_new_map_does_not_revive_old_refs ... ok
test entity::native_tests::stale_ref_after_map_start_is_null_not_uaf ... ok
test entity::tests::decode_handle_is_inverse_of_encode ... ok
test entity::tests::guards_null_and_negative_offset ... ok
test entity::tests::narrow_int_writes_guard_null_and_negative_offset ... ok
test entity::tests::narrow_int_writes_roundtrip_truncate_and_signextend ... ok
test entity::tests::read_i8_i16_sign_extend ... ok
test entity::tests::read_ptr_reads_a_pointer_field ... ok
test entity::tests::read_string_nul_terminated_and_bounded ... ok
test entity::tests::read_u32_and_read_ptr_guard_null_and_negative ... ok
test entity::tests::read_u32_reads_at_offset ... ok
test entity::tests::read_u64_i64_f64_roundtrip ... ok
test entity::tests::read_u8_u16_zero_extend ... ok
test entity::tests::read_write_bool_roundtrips_and_reads_nonzero_as_true ... ok
test entity::tests::read_write_f32_roundtrips ... ok
test entity::tests::resolve_matches_only_equal_nonneg_serials ... ok
test entity::tests::sixtyfour_bit_and_string_guard_null_and_negative_offset ... ok
test entity::tests::typed_reads_guard_null_and_negative_offset ... ok
test entity::tests::write_string_guards_null_and_bad_bounds ... ok
test entity::tests::write_string_writes_nul_terminates_and_truncates ... ok
test entity::tests::write_then_read_roundtrips_at_offset ... ok
test entity_live::tests::create_lookup_adopt_and_id_translation ... ok
test entity_live::tests::delete_removes_only_on_serial_match ... ok
test entity_live::tests::map_transition_clears_arms_and_never_reuses_ids ... ok
test entity_live::tests::repair_reconcile_upserts_and_evicts ... ok
test entity_live::tests::spawn_repairs_a_missed_create_but_keeps_a_matching_id ... ok
test events::tests::dispatch_game_event_pre_no_subs_allows ... ok
test events::tests::events_module_events_on_off_drives_dispatch_via_pkg ... ok
test events::tests::game_event_dispatch_subscribe_accessor_and_teardown ... ok
test events::tests::game_event_explicit_unsubscribe_removes_handler_and_fires_engine_op ... ok
test events::tests::game_event_explicit_unsubscribe_two_plugins_last_fires_op ... ok
test events::tests::game_event_two_subscribers_first_last_semantics ... ok
test events::tests::pre_hooks_collapse_and_degrade ... ok
test events::tests::reentrant_dispatch_skips_gracefully_no_panic ... ok
test ffi::tests::breadcrumb_ffi_exports_and_dispatch_stamping ... ok
test ffi::tests::crash_test_native_is_gated_by_dev_test_config ... ok
test ffi::tests::defer_selftest_native_exists_only_when_the_env_var_is_set ... ok
test ffi::tests::deferred_sentinel_cannot_collide_with_any_dispatch_result ... ok
test ffi::tests::entity_event_feed_updates_books_with_no_subscribers ... ok
test ffi::tests::eval_with_js_exception_returns_nonzero_and_does_not_panic ... ok
test ffi::tests::handled_rejection_is_not_reported ... ok
test ffi::tests::init_eval_console_log_shutdown_and_reinit ... ok
test ffi::tests::map_start_clears_books_and_arms_repair_sweep ... ok
test ffi::tests::subscribe_installs_dispatch_runs_unsubscribe_removes ... ok
test ffi::tests::throwing_frame_handler_spools_a_js_incident_once ... ok
test ffi::tests::unhandled_rejection_spools_a_js_incident ... ok
test fold::tests::and_fold_is_intersection_and_none_is_not_zero ... ok
test fold::tests::clear_key_drops_every_owner_at_that_key ... ok
test fold::tests::evict_at_drops_only_the_stale_values ... ok
test fold::tests::fold_except_skips_the_caller_and_honors_include ... ok
test fold::tests::remove_owner_returns_touched_keys_and_leaves_the_survivor ... ok
test gamedata_calls::tests::a_plugin_cannot_register_under_the_reserved_owner_id ... ok
test gamedata_calls::tests::an_inline_target_validate_wins_over_the_signature_entrys ... ok
test gamedata_calls::tests::arg_classification_preserves_order_within_each_class ... ok
test gamedata_calls::tests::arg_classification_splits_int_and_float_slots ... ok
test gamedata_calls::tests::decl_with_arg_names_still_flattens ... ok
test gamedata_calls::tests::drop_plugin_leaves_other_plugins_alone ... ok
test gamedata_calls::tests::flatten_lifts_the_platform_signature_entry_into_the_target ... ok
test gamedata_calls::tests::flatten_lifts_the_platform_vtable_entry_into_the_target ... ok
test gamedata_calls::tests::flatten_lifts_the_signature_entrys_validate_with_its_pattern ... ok
test gamedata_calls::tests::flatten_names_a_missing_platform_entry ... ok
test gamedata_calls::tests::game_package_descriptors_bypass_the_engine_calls_allow_list ... ok
test gamedata_calls::tests::out_of_vocabulary_and_over_budget_descriptors_are_named ... ok
test gamedata_calls::tests::re_registering_the_game_package_replaces_the_previous_view ... ok
test gamedata_calls::tests::registry_degrades_when_ops_absent ... ok
test gamedata_calls::tests::registry_degrades_when_permission_denied ... ok
test gamedata_calls::tests::status_of_unknown_call_is_named ... ok
test gamedata_calls::tests::the_reserved_namespace_is_not_an_npm_name ... ok
test gamedata_calls::tests::the_same_descriptors_from_a_plugin_are_still_allow_listed ... ok
test gamedata_calls::tests::unload_drops_a_plugins_descriptors ... ok
test gamedata_hooks::tests::a_hook_with_no_or_bad_ctx_namespace_is_rejected_by_name ... ok
test gamedata_hooks::tests::a_hook_without_a_validator_is_rejected_by_name ... ok
test gamedata_hooks::tests::a_known_bypass_target_arms_that_calls_latch ... ok
test gamedata_hooks::tests::a_plugin_cannot_register_under_the_reserved_owner_id ... ok
test gamedata_hooks::tests::a_refused_install_is_named_and_retried ... ok
test gamedata_hooks::tests::a_reload_reuses_the_same_slot_and_does_not_reinstall ... ok
test gamedata_hooks::tests::a_resolve_failure_carries_the_shims_reason ... ok
test gamedata_hooks::tests::a_zero_address_is_refused ... ok
test gamedata_hooks::tests::an_empty_validator_object_is_rejected_too ... ok
test gamedata_hooks::tests::an_unknown_bypass_target_is_rejected_by_name ... ok
test gamedata_hooks::tests::an_unknown_shape_is_rejected_by_name ... ok
test gamedata_hooks::tests::dropping_an_owner_leaves_the_detour_installed ... ok
test gamedata_hooks::tests::game_package_hooks_bypass_the_allow_list ... ok
test gamedata_hooks::tests::gamedata_without_hooks_registers_nothing_and_warns_nothing ... ok
test gamedata_hooks::tests::hook_for_id_only_answers_for_installed_slots ... ok
test gamedata_hooks::tests::install_happens_on_first_subscribe_only ... ok
test gamedata_hooks::tests::malformed_gamedata_registers_nothing ... ok
test gamedata_hooks::tests::mutable_is_recorded_per_param_index ... ok
test gamedata_hooks::tests::param_and_mutable_grammar_is_enforced_by_name ... ok
test gamedata_hooks::tests::receiver_grammar_is_enforced_by_name ... ok
test gamedata_hooks::tests::registration_alone_installs_nothing ... ok
test gamedata_hooks::tests::registry_degrades_when_permission_denied ... ok
test gamedata_hooks::tests::reset_all_clears_the_slot_table_too ... ok
test gamedata_hooks::tests::slot_exhaustion_is_a_named_degrade ... ok
test gamedata_hooks::tests::status_of_an_unknown_hook_is_named ... ok
test gamedata_hooks::tests::subscribing_to_an_unknown_hook_reports_the_named_reason ... ok
test gamedata_hooks::tests::the_engine_calls_permission_does_not_grant_hooks ... ok
test gamedata_hooks::tests::the_shape_vocabulary_is_pinned ... ok
test http::tests::fetch_404_resolves_not_rejects ... ok
test http::tests::fetch_bad_host_rejects ... ok
test http::tests::fetch_local_server_ok ... ok
test http::tests::http_final_utf8_exact_boundary_and_declared_or_chunked_overflow ... ok
test interfaces::tests::a_new_producer_may_claim_a_name_after_the_incumbent_unloads ... ok
test interfaces::tests::a_second_live_producer_of_the_same_interface_is_rejected ... ok
test interfaces::tests::call_target_ok_when_hash_matches_absent_or_unpublished ... ok
test interfaces::tests::call_target_reports_unavailable_mismatch_ok ... ok
test interfaces::tests::call_target_types_mismatch_when_compiled_hash_differs ... ok
test interfaces::tests::characterize_major_mismatch_is_correctly_refused ... ok
test interfaces::tests::characterize_major_only_matching_accepts_older_minors_post_1_0 ... ok
test interfaces::tests::characterize_major_only_matching_accepts_wrong_minors_pre_1_0 ... ok
test interfaces::tests::clear_empties_ifaces_and_imports ... ok
test interfaces::tests::consumer_of_sub_returns_owner ... ok
test interfaces::tests::dep_kind_and_availability ... ok
test interfaces::tests::live_subscriber_ids_filters_by_event_and_liveness ... ok
test interfaces::tests::producer_of_returns_id_and_generation ... ok
test interfaces::tests::publish_then_lookup ... ok
test interfaces::tests::remove_by_producer_drops_all_its_interfaces ... ok
test interfaces::tests::remove_subscribers_by_consumer_on_drops_only_matching_name_event ... ok
test interfaces::tests::republish_by_the_same_producer_succeeds_and_keeps_subscribers ... ok
test interfaces::tests::republish_preserves_existing_subscribers ... ok
test interfaces::tests::subscribers_add_and_remove_by_consumer ... ok
test interfaces::tests::unload_order_puts_consumers_before_producers ... ok
test interfaces::tests::version_satisfies_caret_and_x_and_star ... ok
test jobs::tests::async_ids_remain_monotonic_across_singleton_reset ... ok
test jobs::tests::missing_and_double_completion_do_not_undercount_pending ... ok
test jobs::tests::request_header_growth_is_amortized_and_fits_admitted_metadata ... ok
test liveness::tests::clear_drops_entries_but_never_resets_the_allocator ... ok
test liveness::tests::mint_is_monotonic_and_replace_invalidates_the_old_id ... ok
test liveness::tests::remove_get_mut_keys_len ... ok
test loader::tests::api_version_compatible_accepts_matching_major ... ok
test loader::tests::api_version_incompatible_rejects_wrong_or_missing_major ... ok
test loader::tests::cancelled_and_deleted_recreated_paths_reject_late_worker_results ... ok
test loader::tests::compiled_against_prefers_the_prevalidated_in_batch_producer_hash ... ok
test loader::tests::config_path_resolver_is_versioned_and_copies_the_returned_path ... ok
test loader::tests::contract_fixed_point_removes_consumers_of_a_refused_candidate_producer ... ok
test loader::tests::contract_resolution_reconsiders_a_consumer_against_the_retained_live_producer ... ok
test loader::tests::delayed_coalesced_first_watch_and_joining_watcher_apply_unseen_edit ... ok
test loader::tests::delayed_first_watch_and_joining_watcher_suppress_unchanged_defaults ... ok
test loader::tests::drain_budget_defers_a_second_large_apply_instead_of_draining_the_batch ... ok
test loader::tests::invalid_waiting_reload_keeps_the_running_generation ... ok
test loader::tests::legacy_manifest_with_builtins_in_plugin_deps_still_loads ... ok
test loader::tests::load_batch_orders_producers_before_consumers ... ok
test loader::tests::loader_metrics_follow_retained_ownership_across_active_ready_and_waiting ... ok
test loader::tests::loader_metrics_schema_reports_charged_ownership_and_resets_after_join ... ok
test loader::tests::manifest_defaults_missing_dependency_maps_to_empty ... ok
test loader::tests::manifest_parses_both_dependency_maps ... ok
test loader::tests::manifest_parses_compiled_against_and_flows_into_imports ... ok
test loader::tests::manifest_parses_derived_publishes_block ... ok
test loader::tests::manifest_parses_permissions_and_gamedata ... ok
test loader::tests::manifest_publishes_may_name_a_different_interface_than_the_package ... ok
test loader::tests::manifest_without_compiled_against_defaults_empty ... ok
test loader::tests::manifest_without_permissions_defaults_empty ... ok
test loader::tests::manifest_without_publishes_yields_an_empty_map ... ok
test loader::tests::oscillating_provider_contract_is_refused_instead_of_selecting_an_arbitrary_state ... ok
test loader::tests::pending_metrics_track_admission_and_dimension_rejections ... ok
test loader::tests::periodic_apply_queues_reload_instead_of_tearing_down_a_loading_factory ... ok
test loader::tests::permission_allowed_after_allow_list_load ... ok
test loader::tests::permission_is_default_deny ... ok
test loader::tests::read_s2sp_extracts_manifest_and_plugin_js ... ok
test loader::tests::read_s2sp_refuses_a_manifest_claiming_a_reserved_owner_id ... ok
test loader::tests::read_s2sp_rejects_missing_manifest_named ... ok
test loader::tests::read_s2sp_returns_the_packed_gamedata_member ... ok
test loader::tests::ready_apply_queue_keeps_the_second_payload_charged_for_a_later_frame ... ok
test loader::tests::refused_load_is_remembered_by_path_and_mtime ... ok
test loader::tests::removed_plugin_paths_do_not_accumulate_revision_tombstones ... ok
test loader::tests::retained_payload_lease_stays_charged_across_moves_and_config_growth ... ok
test loader::tests::retired_pending_watch_does_not_reregister_for_a_permissions_consumer ... ok
test loader::tests::topo_cycle_falls_back_to_name_order ... ok
test loader::tests::unload_of_a_same_id_waiting_reload_unloads_the_retained_old_generation ... ok
test loader::tests::vanished_path_cancels_ready_candidate_and_cannot_resurrect_it ... ok
test loader::tests::waiting_release_revalidates_contract_against_the_now_live_producer ... ok
test loader_worker::retirement_regressions::coalesced_retirements_must_release_the_older_committed_generation ... ok
test loader_worker::retirement_regressions::config_metrics_report_the_shared_cap_and_retained_breakdown ... ok
test loader_worker::retirement_regressions::retire_through_releases_predecessor_bytes_and_preserves_newer_proposal ... ok
test loader_worker::retirement_regressions::retirement_before_queued_read_must_not_orphan_a_late_seed ... ok
test loader_worker::retirement_regressions::retirement_fences_preserve_the_newest_queued_and_inflight_successor ... ok
test loader_worker::tests::archive_entry_count_is_bounded_before_member_extraction ... ok
test loader_worker::tests::archive_member_limits_reject_oversized_plugin_js_before_allocation ... ok
test loader_worker::tests::baseline_and_proposal_bytes_stay_charged_until_worker_resolution_or_retirement ... ok
test loader_worker::tests::coalesced_seed_replaced_by_error_does_not_leak_its_watch_slot ... ok
test loader_worker::tests::config_result_reservation_covers_worst_case_lossy_utf8_expansion ... ok
test loader_worker::tests::config_utf8_decoding_matches_the_existing_lossy_engine_adapter ... ok
test loader_worker::tests::failed_superseding_read_discards_the_older_undelivered_proposal ... ok
test loader_worker::tests::fifo_is_opened_nonblocking_and_refused_as_non_regular ... ok
test loader_worker::tests::final_unwatch_retires_capacity_and_old_retire_cannot_erase_a_new_generation ... ok
test loader_worker::tests::full_watch_control_partition_does_not_consume_transient_request_progress ... ok
test loader_worker::tests::impossible_watch_control_reservation_is_oversized_not_retryable_pressure ... ok
test loader_worker::tests::invalid_optional_gamedata_remains_absent ... ok
test loader_worker::tests::malformed_utf8_plugin_member_is_named ... ok
test loader_worker::tests::metrics_follow_shared_obligations_and_saturation_without_double_counting ... ok
test loader_worker::tests::missing_config_is_a_successful_absent_snapshot_with_original_tags ... ok
test loader_worker::tests::policy_rejects_a_result_budget_that_cannot_cover_each_admitted_obligation ... ok
test loader_worker::tests::policy_requires_retained_capacity_for_archive_plus_decoded_config ... ok
test loader_worker::tests::queue_pressure_is_retryable_after_the_reserved_result_is_drained ... ok
test loader_worker::tests::request_queue_coalesces_the_same_path_without_consuming_another_slot ... ok
test loader_worker::tests::retirement_control_progresses_while_the_data_result_queue_is_full ... ok
test loader_worker::tests::scan_error_is_distinct_from_a_missing_directory ... ok
test loader_worker::tests::scan_overflow_fails_the_entire_snapshot_instead_of_returning_a_prefix ... ok
test loader_worker::tests::shutdown_joins_a_slow_regular_file_read_without_detaching ... ok
test loader_worker::tests::slow_read_barrier_never_blocks_main_side_polling ... ok
test loader_worker::tests::stable_read_detects_delete_and_recreate_during_the_read ... ok
test loader_worker::tests::stable_read_rejects_a_file_larger_than_the_absolute_capacity ... ok
test loader_worker::tests::three_revisions_while_the_first_is_in_flight_keep_only_the_latest_rerun ... ok
test loader_worker::tests::undelivered_change_survives_a_coalesced_unchanged_reread ... ok
test loader_worker::tests::watched_config_baseline_pressure_is_bounded_and_retryable ... ok
test loader_worker::tests::watched_config_exact_comparison_and_baseline_live_on_the_worker ... ok
test loader_worker::tests::watched_generation_reserves_retirement_control_before_delivery_ack ... ok
test multiplexer::tests::collapse_is_max_by_precedence ... ok
test multiplexer::tests::first_subscription_requests_install ... ok
test multiplexer::tests::handled_does_not_short_circuit ... ok
test multiplexer::tests::handler_error_is_continue_and_counts_then_auto_disables ... ok
test multiplexer::tests::monitor_runs_after_and_return_is_ignored ... ok
test multiplexer::tests::phases_are_isolated ... ok
test multiplexer::tests::priority_order_high_to_monitor_then_registration_order ... ok
test multiplexer::tests::remove_by_owner_drops_that_plugins_subs_only ... ok
test multiplexer::tests::snapshot_excludes_subs_added_after_it ... ok
test multiplexer::tests::stop_short_circuits_remaining_non_monitor ... ok
test multiplexer::tests::unsubscribe_excludes_from_future_snapshots_and_lazy_removes ... ok
test net::tests::a_thousand_adapter_transitions_leave_no_socket_state ... ok
test net::tests::continuous_tcp_reads_do_not_starve_a_queued_write_or_shutdown ... ok
test net::tests::fair_io_primitive_used_by_tcp_and_udp_selects_both_ready_sides ... ok
test net::tests::injected_tcp_write_failure_returns_one_error_terminal ... ok
test net::tests::owner_shutdown_cancels_a_pending_connector_silently ... ok
test net::tests::owner_shutdown_interrupts_an_injected_pending_tcp_write ... ok
test net::tests::pending_tcp_write_obeys_one_grace_deadline ... ok
test net::tests::poll_signals_failed_connect_is_a_drop_without_an_event ... ok
test net::tests::poll_signals_returns_connects_and_queues_events ... ok
test net::tests::simultaneous_peer_and_local_tcp_close_produces_one_terminal ... ok
test net::tests::tcp_bad_port_fails ... ok
test net::tests::tcp_connect_send_echo ... ok
test net::tests::tcp_connect_timeout_is_injected_and_bounded ... ok
test net::tests::udp_bind_send_recv ... ok
test owner_stores::tests::reset_clears_registrations_without_running_them ... ok
test owner_stores::tests::sweep_ids_skips_empty_and_hits_all_stores ... ok
test owner_stores::tests::sweep_owner_runs_every_store_in_registration_order ... ok
test owner_stores::tests::sweep_reset_runs_every_store_in_registration_order ... ok
test plugin::tests::explicit_disposal_then_unload_preserves_reverse_order_exactly_once ... ok
test plugin::tests::generations_come_from_one_shared_monotonic_counter_starting_at_zero ... ok
test plugin::tests::insert_assigns_and_reload_bumps_generation ... ok
test plugin::tests::late_release_after_owner_reload_cannot_touch_new_generation ... ok
test plugin::tests::one_hundred_thousand_completed_jobs_preserve_only_active_multiplicity ... ok
test plugin::tests::one_hundred_thousand_completed_timers_leave_no_active_resources ... ok
test plugin::tests::phase_is_copy_eq ... ok
test plugin::tests::record_iface_resources_preserve_acquisition_order ... ok
test plugin::tests::remove_makes_it_not_live_and_returns_ledger ... ok
test plugin::tests::teardown_includes_iface_resources_in_reverse_order ... ok
test plugin::tests::teardown_is_reverse_acquisition_order ... ok
test process_singletons::tests::reset_all_runs_only_the_requested_phase_in_registration_order ... ok
test process_singletons::tests::reset_clears_registrations_without_running_them ... ok
test schema::tests::miss_requeried_warns_once_then_caches_on_hit ... ok
test schema::tests::resolves_once_and_caches_hits ... ok
test schema_catalog::tests::add_field_to_unknown_class_is_defensive_no_panic ... ok
test schema_catalog::tests::enum_table_dedupes_and_rejects_an_unstated_width ... ok
test schema_catalog::tests::enum_width_is_recorded_and_only_when_stated ... ok
test schema_catalog::tests::output_is_deterministic_across_identical_builds ... ok
test schema_catalog::tests::root_class_omits_parent ... ok
test schema_catalog::tests::serializes_classes_fields_and_types ... ok
test schema_catalog::tests::unknown_kind_round_trips ... ok
test sdkhooks::tests::sdkhook_alive_without_backing_returns_false ... ok
test sdkhooks::tests::sdkhook_canbeautobalanced_first_add_calls_op ... ok
test sdkhooks::tests::sdkhook_canbeautobalanced_passes_client ... ok
test sdkhooks::tests::sdkhook_canbeautobalanced_skips_without_client ... ok
test sdkhooks::tests::sdkhook_destroy_unhooks ... ok
test sdkhooks::tests::sdkhook_dispatch_only_matching_victim ... ok
test sdkhooks::tests::sdkhook_dispatch_uses_detached_registration_snapshot ... ok
test sdkhooks::tests::sdkhook_false_on_stale_entity ... ok
test sdkhooks::tests::sdkhook_getmaxhealth_first_add_calls_op ... ok
test sdkhooks::tests::sdkhook_getmaxhealth_mutates_and_supercede ... ok
test sdkhooks::tests::sdkhook_handled_does_not_stop_the_chain ... ok
test sdkhooks::tests::sdkhook_handled_zeroes_live_damage ... ok
test sdkhooks::tests::sdkhook_no_victim_runs_nobody ... ok
test sdkhooks::tests::sdkhook_ontakedamage_post_does_not_run_on_pre_dispatch ... ok
test sdkhooks::tests::sdkhook_ontakedamage_post_handled_does_not_zero ... ok
test sdkhooks::tests::sdkhook_ontakedamage_post_records_without_vp ... ok
test sdkhooks::tests::sdkhook_ontakedamage_post_setter_is_ignored ... ok
test sdkhooks::tests::sdkhook_ontakedamage_post_stop_does_not_truncate ... ok
test sdkhooks::tests::sdkhook_prelude_alive_does_not_throw ... ok
test sdkhooks::tests::sdkhook_prelude_null_entity_returns_false ... ok
test sdkhooks::tests::sdkhook_prelude_think_without_op_returns_false ... ok
test sdkhooks::tests::sdkhook_prelude_throws_on_unsupported_type ... ok
test sdkhooks::tests::sdkhook_prelude_touch_without_op_returns_false ... ok
test sdkhooks::tests::sdkhook_reload_first_add_calls_op ... ok
test sdkhooks::tests::sdkhook_reload_stop_truncates ... ok
test sdkhooks::tests::sdkhook_reloadpost_without_backing_returns_false ... ok
test sdkhooks::tests::sdkhook_shouldcollide_first_add_calls_op ... ok
test sdkhooks::tests::sdkhook_shouldcollide_last_boolean_wins ... ok
test sdkhooks::tests::sdkhook_shouldcollide_void_keeps_original ... ok
test sdkhooks::tests::sdkhook_slot_reuse_does_not_dispatch_removed_identity ... ok
test sdkhooks::tests::sdkhook_snapshot_lookup_work_depends_on_addressed_subscribers ... ok
test sdkhooks::tests::sdkhook_spawn_first_add_calls_op ... ok
test sdkhooks::tests::sdkhook_spawn_handled_supercede ... ok
test sdkhooks::tests::sdkhook_spawn_missing_op_returns_false ... ok
test sdkhooks::tests::sdkhook_spawn_second_add_same_does_not ... ok
test sdkhooks::tests::sdkhook_stale_owner_generation_is_disabled ... ok
test sdkhooks::tests::sdkhook_stop_truncates_the_chain ... ok
test sdkhooks::tests::sdkhook_think_first_add_calls_op ... ok
test sdkhooks::tests::sdkhook_think_handled_supercede ... ok
test sdkhooks::tests::sdkhook_think_post_add_is_post_flag ... ok
test sdkhooks::tests::sdkhook_touch_destroy_drop ... ok
test sdkhooks::tests::sdkhook_touch_first_add_calls_op ... ok
test sdkhooks::tests::sdkhook_touch_handled_does_not_stop ... ok
test sdkhooks::tests::sdkhook_touch_op_zero_does_not_push ... ok
test sdkhooks::tests::sdkhook_touch_passes_other_ref ... ok
test sdkhooks::tests::sdkhook_touch_second_add_same_does_not ... ok
test sdkhooks::tests::sdkhook_touch_stop_truncates ... ok
test sdkhooks::tests::sdkhook_touch_unhook_last_calls_remove ... ok
test sdkhooks::tests::sdkhook_traceattack_without_backing_returns_false ... ok
test sdkhooks::tests::sdkhook_unknown_type_returns_false ... ok
test sdkhooks::tests::sdkhook_unload_clears ... ok
test sdkhooks::tests::sdkhook_use_first_add_calls_op ... ok
test sdkhooks::tests::sdkhook_use_passes_args ... ok
test sdkhooks::tests::sdkhook_weapondrop_dispatch_passes_weapon ... ok
test sdkhooks::tests::sdkhook_weapondrop_first_add_calls_op ... ok
test sdkhooks::tests::sdkhook_weapondrop_missing_op_returns_false ... ok
test sdkhooks::tests::sdkhook_works_after_settle ... ok
test sdkhooks::tests::sdkunhook_removes_one_callback ... ok
test sdkhooks_transmit::tests::sdkhook_settransmit_active_empty ... ok
test sdkhooks_transmit::tests::sdkhook_settransmit_continue_returns_0 ... ok
test sdkhooks_transmit::tests::sdkhook_settransmit_entity_enumeration_ignores_other_kinds ... ok
test sdkhooks_transmit::tests::sdkhook_settransmit_handled_returns_gte_2 ... ok
test sdkhooks_transmit::tests::sdkhook_settransmit_membership_tracks_first_and_last_subscription ... ok
test sdkhooks_transmit::tests::sdkhook_settransmit_owner_removal_reorders_by_earliest_remaining_subscription ... ok
test sdkhooks_transmit::tests::sdkhook_settransmit_prelude_records_without_vp ... ok
test sdkhooks_transmit::tests::sdkhook_settransmit_stop_truncates ... ok
test sqldb::tests::pg_placeholder_translation ... ok
test usermsg::tests::usermsg_dispatch_collapses_hook_results ... ok
test usermsg::tests::usermsg_on_pre_subscribes_and_dispatch_delivers_view ... ok
test usermsg::tests::usermsg_on_pre_throws_on_unresolvable_or_degraded ... ok
test usermsg::tests::usermsg_unload_unsubscribes_on_last_empty ... ok
test usermsg::tests::usermsg_view_reads_route_through_ops_and_null_on_miss ... ok
test v8host::frame_tests::a_connection_that_dies_at_once_still_reaches_on_close ... ok
test v8host::frame_tests::a_float_write_outside_f32_range_is_refused_not_silently_infinite ... ok
test v8host::frame_tests::a_non_representable_write_is_refused_and_named ... ok
test v8host::frame_tests::a_reentrant_hook_dispatch_from_engine_call_runs ... ok
test v8host::frame_tests::a_surfaced_receiver_is_a_real_entity_ref ... ok
test v8host::frame_tests::a_view_stashed_from_an_earlier_invocation_of_the_same_hook_cannot_touch_this_one ... ok
test v8host::frame_tests::a_view_stashed_from_one_dispatch_cannot_touch_another ... ok
test v8host::frame_tests::a_write_through_a_view_outside_any_dispatch_is_ignored_and_warns ... ok
test v8host::frame_tests::async_completion_removes_detour_when_pending_reaches_zero ... ok
test v8host::frame_tests::async_rejection_fails ... ok
test v8host::frame_tests::async_request_header_capacity_is_covered_by_input_reservation ... ok
test v8host::frame_tests::async_request_headers_tiny_policy_capacity_and_named_overload ... ignored, requires the isolated 40000-byte S2SCRIPT_ASYNC_LIMITS_JSON policy
test v8host::frame_tests::async_tiny_policy_admission_reinit_and_frame_progress ... ignored, requires the isolated tiny S2SCRIPT_ASYNC_LIMITS_JSON policy
test v8host::frame_tests::buffered_registration_does_not_arm_before_active ... ok
test v8host::frame_tests::chat_prepends_leading_zwsp_idempotently ... ok
test v8host::frame_tests::client_print_and_chat_degrade_without_ops ... ok
test v8host::frame_tests::colour_tags_expand_on_chat_and_vanish_on_console ... ok
test v8host::frame_tests::colour_tags_expand_through_chat_to_slot ... ok
test v8host::frame_tests::colour_tags_vanish_through_reply_to_console ... ok
test v8host::frame_tests::command_api_registers_during_factory_and_throws_after ... ok
test v8host::frame_tests::config_framework_templates_injected_and_used ... ok
test v8host::frame_tests::config_getters_read_and_coerce ... ok
test v8host::frame_tests::config_getters_walk_dotted_sections ... ok
test v8host::frame_tests::config_on_change_fires_handler ... ok
test v8host::frame_tests::config_re_materialize_no_subs_degrades_cleanly ... ok
test v8host::frame_tests::config_read_file_degrades_without_ops ... ok
test v8host::frame_tests::consumer_calls_producer_method_structured_copy ... ok
test v8host::frame_tests::consumer_unload_removes_subscriber ... ok
test v8host::frame_tests::continuation_may_reenter_timer_primitives_during_checkpoint ... ok
test v8host::frame_tests::ctx_replyt_localizes ... ok
test v8host::frame_tests::ctx_translations_load_registers_in_the_order_given ... ok
test v8host::frame_tests::cvar_change_dispose_stops_delivery ... ok
test v8host::frame_tests::cvar_change_fans_out_to_exact_name_and_wildcard ... ok
test v8host::frame_tests::cvar_change_rejects_a_non_function_handler ... ok
test v8host::frame_tests::cvar_set_degrades_false_without_op ... ok
test v8host::frame_tests::cvar_set_passes_name_and_value_to_op ... ok
test v8host::frame_tests::db_module_open_execute_query_round_trip ... ok
test v8host::frame_tests::db_module_register_driver_seam_overrides_by_name ... ok
test v8host::frame_tests::db_module_resolves_with_expected_shape ... ok
test v8host::frame_tests::db_open_routes_by_config ... ok
test v8host::frame_tests::deferred_dispatches_replay_in_push_order ... ok
test v8host::frame_tests::deferred_queue_is_bounded_and_names_what_it_drops ... ok
test v8host::frame_tests::delay_continuation_for_unloaded_plugin_is_dropped ... ok
test v8host::frame_tests::delay_resolves_only_after_its_deadline ... ok
test v8host::frame_tests::delay_with_no_onframe_subscriber_still_requests_detour_install ... ok
test v8host::frame_tests::drain_drops_continuation_when_owner_no_longer_live ... ok
test v8host::frame_tests::empty_snapshot_never_defers ... ok
test v8host::frame_tests::engine_call_natives_ignore_a_caller_supplied_plugin_id ... ok
test v8host::frame_tests::engine_call_still_invokes_for_the_owning_plugin ... ok
test v8host::frame_tests::engine_hook_factory_uses_the_calling_plugin ... ok
test v8host::frame_tests::entity_io_degrades_and_mux_subscribes ... ok
test v8host::frame_tests::entity_lifecycle_methods_degrade_to_false_without_op ... ok
test v8host::frame_tests::entity_origin_degrades_to_null_without_ops ... ok
test v8host::frame_tests::entity_spawn_kv_degrades_without_op ... ok
test v8host::frame_tests::entity_spawn_kv_marshal_capture_matches_expected_arrays ... ok
test v8host::frame_tests::entity_spawn_kv_marshal_rejects_bad_input ... ok
test v8host::frame_tests::entity_spawn_kv_marshal_rejects_oversized_strings ... ok
test v8host::frame_tests::events_fire_from_a_handler_nests ... ok
test v8host::frame_tests::events_fire_nests_pre_hooks ... ok
test v8host::frame_tests::events_fire_to_client_degrades_without_ops ... ok
test v8host::frame_tests::events_module_provides_game_event_constructor ... ok
test v8host::frame_tests::explicit_hook_disposal_releases_before_unload ... ok
test v8host::frame_tests::explicit_sqlite_close_releases_connection_before_unload ... ok
test v8host::frame_tests::fake_command_degrades_without_ops ... ok
test v8host::frame_tests::fake_command_from_inside_a_command_handler_runs ... ok
test v8host::frame_tests::fake_command_runs_the_target_plugin_command ... ok
test v8host::frame_tests::fan_out_isolates_a_throwing_handler_from_the_rest ... ok
test v8host::frame_tests::fetch_native_404_resolves_with_ok_false ... ok
test v8host::frame_tests::fetch_native_bad_host_rejects_the_promise ... ok
test v8host::frame_tests::fetch_native_resolves_on_a_later_drain_with_the_response_payload ... ok
test v8host::frame_tests::final_socket_callback_keeps_detour_for_its_promise_continuation ... ok
test v8host::frame_tests::find_by_class_degrades_to_empty_array_without_op ... ok
test v8host::frame_tests::forward_vector_known_angles ... ok
test v8host::frame_tests::game_ctx_namespace_cannot_clobber_a_builtin ... ok
test v8host::frame_tests::game_event_accessor_natives_degrade_without_ops ... ok
test v8host::frame_tests::game_package_declared_calls_are_ready_through_the_game_scoped_natives ... ok
test v8host::frame_tests::generic_job_unload_mid_flight_drops_and_late_complete_is_noop ... ok
test v8host::frame_tests::generic_typed_reads_degrade_without_ops ... ok
test v8host::frame_tests::handler_that_subscribes_during_dispatch_does_not_panic_and_runs_next_frame ... ok
test v8host::frame_tests::hook_dispatch_delivers_a_live_view_and_collapses ... ok
test v8host::frame_tests::hook_view_failures_are_named_and_the_view_is_block_scoped ... ok
test v8host::frame_tests::http_module_fetch_round_trip_with_text_and_json ... ok
test v8host::frame_tests::http_module_resolves_with_expected_shape ... ok
test v8host::frame_tests::iface_call_return_rehydrates_entityref ... ok
test v8host::frame_tests::iface_call_throws_types_mismatch_when_compiled_hash_differs ... ok
test v8host::frame_tests::iface_emit_payload_rehydrates_entityref ... ok
test v8host::frame_tests::iface_publish_records_methods_and_dep_kind ... ok
test v8host::frame_tests::interface_subscription_off_releases_its_active_ledger_entry ... ok
test v8host::frame_tests::item_natives_degrade_without_op ... ok
test v8host::frame_tests::legacy_shape_refused ... ok
test v8host::frame_tests::load_plugin_js_runs_module_body ... ok
test v8host::frame_tests::load_plugin_js_runs_onload_and_tags_subscription ... ok
test v8host::frame_tests::load_timeout_fails ... ok
test v8host::frame_tests::map_start_dispatch_delivers_map_name ... ok
test v8host::frame_tests::math_module_provides_vector_and_qangle ... ok
test v8host::frame_tests::menu_activation_defaults_and_coerces ... ok
test v8host::frame_tests::menu_chat_nonmatching_message_passes_through ... ok
test v8host::frame_tests::menu_chat_renders_and_number_selects ... ok
test v8host::frame_tests::menu_freeze_player_flag_default_false_and_settable ... ok
test v8host::frame_tests::menu_model_center_cursor_and_confirm ... ok
test v8host::frame_tests::menu_model_center_exit_cancels ... ok
test v8host::frame_tests::menu_model_center_paginate_and_exit ... ok
test v8host::frame_tests::menu_model_center_style_rendered_cursor_flag ... ok
test v8host::frame_tests::menu_model_disabled_item_not_selectable ... ok
test v8host::frame_tests::menu_model_newmenu_replaces_and_reentrant_display_wins ... ok
test v8host::frame_tests::menu_model_next_page_and_select ... ok
test v8host::frame_tests::menu_model_pagination_pick_cursor ... ok
test v8host::frame_tests::microtasks_do_not_run_until_frame_drain ... ok
test v8host::frame_tests::minting_natives_are_books_backed ... ok
test v8host::frame_tests::missing_and_double_job_completion_do_not_undercount ... ok
test v8host::frame_tests::missing_plugin_and_on_plugin_start_refused ... ok
test v8host::frame_tests::named_publics_frame_and_hook_on_throw_after_settle ... ok
test v8host::frame_tests::nested_defer_lands_in_the_next_drain_not_the_current_one ... ok
test v8host::frame_tests::net_connect_bad_port_rejects_the_promise ... ok
test v8host::frame_tests::net_same_batch_connect_data_error_close_keeps_subscription_checkpoint ... ok
test v8host::frame_tests::net_tcp_connect_send_data_round_trips_the_echo ... ok
test v8host::frame_tests::net_thousand_production_workers_plateau_every_lifecycle_store ... ok
test v8host::frame_tests::net_udp_empty_datagram_round_trips_as_zero_length_uint8array ... ok
test v8host::frame_tests::next_frame_resolves_one_frame_later ... ok
test v8host::frame_tests::no_handle_pre_hook_is_skipped_not_deferred ... ok
test v8host::frame_tests::no_handle_reentry_is_delivered_next_drain ... ok
test v8host::frame_tests::non_entityref_payload_round_trips_unchanged ... ok
test v8host::frame_tests::on_plugin_start_public_is_a_valid_artifact ... ok
test v8host::frame_tests::on_plugin_state_and_previous_roundtrip ... ok
test v8host::frame_tests::one_shot_timer_completion_releases_its_active_ledger_entry ... ok
test v8host::frame_tests::onframe_handler_out_of_range_result_warns_and_continues ... ok
test v8host::frame_tests::output_dispatch_matches_wildcards_and_collapses_hookresult ... ok
test v8host::frame_tests::oversized_completions_progress_with_a_full_poll_round_and_due_timer ... ignored, requires the isolated six-poll S2SCRIPT_ASYNC_LIMITS_JSON policy
test v8host::frame_tests::precache_dispatch_runs_subscriber ... ok
test v8host::frame_tests::prelude_publish_interface_takes_two_args ... ok
test v8host::frame_tests::process_singleton_registrations_are_unique_and_cover_both_phases ... ok
test v8host::frame_tests::producer_emit_forwards_to_live_consumer_only ... ok
test v8host::frame_tests::producer_reload_releases_surviving_optional_consumer_subscriptions ... ok
test v8host::frame_tests::producer_unload_invalidates_consumer_proxy ... ok
test v8host::frame_tests::publish_interface_of_a_name_owned_by_another_producer_is_refused ... ok
test v8host::frame_tests::publish_interface_of_an_undeclared_name_is_refused ... ok
test v8host::frame_tests::publish_interface_takes_its_version_from_the_manifest ... ok
test v8host::frame_tests::read_chain_native_and_via_methods_degrade_without_ops ... ok
test v8host::frame_tests::read_floats_chain_degrades_without_ops ... ok
test v8host::frame_tests::read_floats_native_and_method_degrade_without_ops ... ok
test v8host::frame_tests::read_string_and_64bit_natives_degrade_without_ops ... ok
test v8host::frame_tests::real_job_completion_releases_its_active_ledger_entry ... ok
test v8host::frame_tests::reconcile_publishes_fails_a_plugin_that_declares_nothing_but_publishes_anyway ... ok
test v8host::frame_tests::reconcile_publishes_ok_for_a_plugin_that_declares_nothing ... ok
test v8host::frame_tests::reconcile_publishes_ok_when_every_declared_interface_was_published ... ok
test v8host::frame_tests::reconcile_publishes_rejects_a_name_published_by_a_DIFFERENT_producer ... ok
test v8host::frame_tests::reconcile_publishes_reports_a_declared_interface_the_plugin_never_published ... ok
test v8host::frame_tests::register_cvar_degrades_false_without_op ... ok
test v8host::frame_tests::registered_package_prelude_reaches_std_entityref_via_native_require ... ok
test v8host::frame_tests::reload_factory_throw_consumes_handoff_no_crash ... ok
test v8host::frame_tests::reload_hands_off_state_to_ctx_previous ... ok
test v8host::frame_tests::reload_revives_entityref_in_state ... ok
test v8host::frame_tests::reload_tears_down_old_and_runs_new_handler ... ok
test v8host::frame_tests::repair_sweep_runs_once_on_first_simulating_frame ... ok
test v8host::frame_tests::replacing_manifest_imports_releases_old_import_entries ... ok
test v8host::frame_tests::republishing_an_interface_keeps_one_active_ledger_entry ... ok
test v8host::frame_tests::require_resolves_module_packages_and_retires_std ... ok
test v8host::frame_tests::s2require_dual_resolves_sdk_and_legacy_prefixes ... ok
test v8host::frame_tests::same_hook_reentry_is_skipped_and_named ... ok
test v8host::frame_tests::schema_dump_degrades_without_ops ... ok
test v8host::frame_tests::schema_dump_writes_catalog_via_stub_enumerate ... ok
test v8host::frame_tests::scope_clear_removes_only_scope_subs ... ok
test v8host::frame_tests::sdk_barrel_command_registers_during_on_plugin_start ... ok
test v8host::frame_tests::sealed_ctx_throws ... ok
test v8host::frame_tests::shutdown_clears_the_publishes_registries ... ok
test v8host::frame_tests::shutdown_resets_process_singletons_on_both_sides_of_the_isolate_drop ... ok
test v8host::frame_tests::shutdown_sweeps_every_registered_owner_store ... ok
test v8host::frame_tests::sm_publics_client_map_say_and_all_plugins_loaded ... ok
test v8host::frame_tests::sm_publics_hook_event_and_create_scope ... ok
test v8host::frame_tests::sound_emit_marshals_args_to_op ... ok
test v8host::frame_tests::sound_module_emit_defaults ... ok
test v8host::frame_tests::sound_module_emit_explicit_opts ... ok
test v8host::frame_tests::sound_module_onprecache_builds_ctx ... ok
test v8host::frame_tests::sound_natives_degrade_without_ops ... ok
test v8host::frame_tests::sound_stop_forwards_identically_to_entityref_stop_sound ... ok
test v8host::frame_tests::sqlite_bad_sql_rejects_promise ... ok
test v8host::frame_tests::sqlite_materialization_retains_bytes_through_reentrant_then_lookup ... ok
test v8host::frame_tests::sqlite_open_degrades_without_data_dir_op ... ok
test v8host::frame_tests::sqlite_open_execute_query_round_trip ... ok
test v8host::frame_tests::sqlite_query_unload_mid_flight_drops_before_drain ... ok
test v8host::frame_tests::stale_job_completion_does_not_undercount_pending ... ok
test v8host::frame_tests::state_and_previous_roundtrip ... ok
test v8host::frame_tests::stop_at_high_skips_low_handler ... ok
test v8host::frame_tests::sync_factory_reaches_active_in_one_call ... ok
test v8host::frame_tests::the_bypass_latch_is_armed_and_disarmed_around_a_degrading_invoke ... ok
test v8host::frame_tests::thread_sleep_runs_off_thread_and_resolves_on_a_drain ... ok
test v8host::frame_tests::throwing_cvar_handler_does_not_stop_the_others ... ok
test v8host::frame_tests::throwing_factory_fails_loud_no_zombie ... ok
test v8host::frame_tests::throwing_handler_is_isolated ... ok
test v8host::frame_tests::throwing_timer_callback_is_contained ... ok
test v8host::frame_tests::timer_after_fires_once_then_is_dead ... ok
test v8host::frame_tests::timer_callback_can_kill_itself ... ok
test v8host::frame_tests::timer_every_rearms_across_drains ... ok
test v8host::frame_tests::timer_kill_stops_a_repeater_and_is_idempotent ... ok
test v8host::frame_tests::topmenu_add_snapshot_and_owner_scoped ... ok
test v8host::frame_tests::topmenu_add_tab_sets_title_and_keeps_order ... ok
test v8host::frame_tests::topmenu_select_dispatches_to_owner_post_drain ... ok
test v8host::frame_tests::topmenu_snapshot_preserves_registration_order ... ok
test v8host::frame_tests::topmenu_snapshot_sheets_defaults_and_validates ... ok
test v8host::frame_tests::topmenu_unload_drops_owner_items ... ok
test v8host::frame_tests::trace_mask_shot_physics_matches_reference_value ... ok
test v8host::frame_tests::trace_module_line_ray_hull_degrade_cleanly ... ok
test v8host::frame_tests::trace_native_degrades_to_miss_without_op ... ok
test v8host::frame_tests::translate_prefers_any_language_hit_over_any_english_default ... ok
test v8host::frame_tests::translate_strips_braces_from_substituted_args ... ok
test v8host::frame_tests::translations_fallback_chain ... ok
test v8host::frame_tests::translations_format_and_langcode ... ok
test v8host::frame_tests::translations_load_warns_only_when_seedless_and_file_missing ... ok
test v8host::frame_tests::translations_natives_degrade_without_ops ... ok
test v8host::frame_tests::transmit_reset_recomputes_then_clears ... ok
test v8host::frame_tests::transmit_reset_serial_mismatch_is_false ... ok
test v8host::frame_tests::transmit_rules_and_merge_across_plugins ... ok
test v8host::frame_tests::transmit_set_empty_array_masks_zero ... ok
test v8host::frame_tests::transmit_set_folds_viewer_slots_into_mask ... ok
test v8host::frame_tests::transmit_set_missing_op_degrades_false ... ok
test v8host::frame_tests::transmit_set_op_reject_not_recorded ... ok
test v8host::frame_tests::transmit_set_out_of_range_slot_throws ... ok
test v8host::frame_tests::transmit_stale_serial_evicted_on_new_set ... ok
test v8host::frame_tests::transmit_stats_missing_op_is_null ... ok
test v8host::frame_tests::transmit_stats_surfaces_counters ... ok
test v8host::frame_tests::transmit_unload_clears_owner_rules ... ok
test v8host::frame_tests::two_contexts_have_distinct_plugin_identity ... ok
test v8host::frame_tests::two_js_handlers_compose_on_onframe ... ok
test v8host::frame_tests::undeclared_publish_record_is_cleared_on_unload ... ok
test v8host::frame_tests::unload_all_runs_consumers_before_producers ... ok
test v8host::frame_tests::unload_captures_state_return_as_handoff_blob ... ok
test v8host::frame_tests::unload_drops_cvar_subscriptions ... ok
test v8host::frame_tests::unload_kills_a_repeating_timer ... ok
test v8host::frame_tests::unload_removes_the_plugins_hook_and_disposes_context ... ok
test v8host::frame_tests::unload_while_loading_seals_and_walks_partial_ledger ... ok
test v8host::frame_tests::unsafe_module_exposes_engine_call_status_and_degrades_to_null ... ok
test v8host::frame_tests::user_message_degrades_without_op ... ok
test v8host::frame_tests::usercmd_accessors_degrade_without_ops ... ok
test v8host::frame_tests::usercmd_dispatch_no_subs_returns_continue ... ok
test v8host::frame_tests::usercmd_dispatch_runs_subscriber_and_collapses_hookresult ... ok
test v8host::frame_tests::usercmd_module_cmd_singleton_and_userrun_wiring ... ok
test v8host::frame_tests::voice_client_event_dispatches_to_on_voice ... ok
test v8host::frame_tests::voice_disconnect_clears_the_slot_across_owners ... ok
test v8host::frame_tests::voice_empty_array_reaches_the_shim_as_set_zero ... ok
test v8host::frame_tests::voice_empty_receiver_list_is_a_rule_not_an_absence ... ok
test v8host::frame_tests::voice_muted_degrades_without_ops ... ok
test v8host::frame_tests::voice_muted_property_round_trips_through_ops ... ok
test v8host::frame_tests::voice_owner_teardown_recomputes ... ok
test v8host::frame_tests::voice_rejected_push_does_not_persist_the_rule ... ok
test v8host::frame_tests::voice_rules_and_merge_across_owners ... ok
test v8host::frame_tests::voice_set_audible_to_folds_receiver_slots_into_mask ... ok
test v8host::frame_tests::voice_set_audible_to_rejects_a_non_array ... ok
test v8host::frame_tests::voice_stats_is_null_without_the_op ... ok
test v8host::frame_tests::voice_two_owners_and_merge_through_the_native ... ok
test v8host::frame_tests::voice_unload_clears_owner_rules ... ok
test v8host::frame_tests::votes_cast_revote_tally_and_winner ... ok
test v8host::frame_tests::votes_chat_is_one_line ... ok
test v8host::frame_tests::votes_disconnect_drops_that_slots_vote ... ok
test v8host::frame_tests::votes_ends_early_once_everyone_voted_even_with_time_left ... ok
test v8host::frame_tests::votes_live_tally_renderer_show_and_clear ... ok
test v8host::frame_tests::votes_registered_renderer_paints_without_show_live_tally ... ok
test v8host::frame_tests::votes_tally_choice_is_per_slot ... ok
test v8host::frame_tests::votes_tie_and_zero_are_null_winner_and_lock ... ok
test v8host::frame_tests::ws_connect_bad_host_rejects_the_promise ... ok
test v8host::frame_tests::ws_connect_reserved_header_rejects_the_promise ... ok
test v8host::frame_tests::ws_connect_send_on_message_round_trips_the_echo ... ok
test v8host::frame_tests::ws_connect_sends_caller_supplied_headers_on_the_handshake ... ok
test v8host::frame_tests::ws_connect_unload_mid_flight_drops_and_late_complete_is_noop ... ok
test v8host::frame_tests::ws_module_connect_send_on_message_round_trip ... ok
test v8host::frame_tests::ws_module_resolves_with_expected_shape ... ok
test v8host::frame_tests::ws_module_self_close_fires_on_close ... ok
test v8host::frame_tests::ws_on_wrong_owner_does_not_subscribe ... ok
test v8host::frame_tests::ws_same_batch_connect_message_error_close_keeps_subscription_checkpoint ... ok
test v8host::frame_tests::ws_thousand_production_workers_plateau_every_lifecycle_store ... ok
test v8host::frame_tests::zero_interval_repeat_is_refused_but_zero_oneshot_is_fine ... ok
test ws::tests::a_silent_peer_times_out_instead_of_hanging_forever ... ok
test ws::tests::a_thousand_adapter_transitions_leave_no_socket_state ... ok
test ws::tests::build_request_applies_caller_headers ... ok
test ws::tests::build_request_keeps_the_handshake_headers_it_derives ... ok
test ws::tests::build_request_refuses_invalid_header_names ... ok
test ws::tests::build_request_refuses_reserved_headers ... ok
test ws::tests::build_request_refuses_values_with_control_characters ... ok
test ws::tests::connect_bad_port_fails ... ok
test ws::tests::connect_send_echo_close ... ok
test ws::tests::continuous_ws_messages_do_not_starve_a_queued_send_or_shutdown ... ok
test ws::tests::injected_ws_write_failure_returns_one_error_terminal ... ok
test ws::tests::lifetime_limit_and_reserved_terminals_survive_every_data_slot_filling ... ok
test ws::tests::owner_shutdown_cancels_a_pending_handshake_without_terminal_signal ... ok
test ws::tests::owner_shutdown_interrupts_an_injected_pending_ws_write ... ok
test ws::tests::ownership_is_decided_by_the_string_connect_registered_including_the_empty_one ... ok
test ws::tests::pending_ws_write_obeys_one_grace_deadline ... ok
test ws::tests::poll_signals_failed_connect_is_a_drop_without_an_event ... ok
test ws::tests::poll_signals_returns_connects_and_queues_events ... ok
test ws::tests::reserved_header_surfaces_as_connect_failed ... ok
test ws::tests::send_wrong_owner_denied ... ok
test ws::tests::simultaneous_peer_and_local_ws_close_produces_one_terminal ... ok
test ws::tests::tiny_outbound_capacity_stays_charged_through_write_and_close_drains_fifo ... ok

test result: ok. 797 passed; 0 failed; 3 ignored; 0 measured; 0 filtered out; finished in 9.61s

